{"kind": "cpu_training_restore", "dataset": "wikipedia", "batch": 32, "checks": [{"pass_all": true, "failures": [], "worst": [[0.0, "parameter/pred.xsmlp.2.weight"], [0.0, "parameter/pred.xsmlp.2.bias"], [0.0, "parameter/pred.xsmlp.0.weight"], [0.0, "parameter/pred.xsmlp.0.bias"], [0.0, "parameter/pred.xslin.weight"], [0.0, "parameter/pred.xslin.bias"], [0.0, "parameter/memory.time_enc.lin.weight"], [0.0, "parameter/memory.time_enc.lin.bias"]], "fields": 107}, {"pass_all": true, "failures": [], "worst": [[0.0, "parameter/pred.xsmlp.2.weight"], [0.0, "parameter/pred.xsmlp.2.bias"], [0.0, "parameter/pred.xsmlp.0.weight"], [0.0, "parameter/pred.xsmlp.0.bias"], [0.0, "parameter/pred.xslin.weight"], [0.0, "parameter/pred.xslin.bias"], [0.0, "parameter/memory.time_enc.lin.weight"], [0.0, "parameter/memory.time_enc.lin.bias"]], "fields": 107}], "trained_history_steps": 4, "replay_steps": 2, "last_loss": 1.370976448059082}
{"kind": "cpu_training_restore", "dataset": "wikipedia", "batch": 200, "checks": [{"pass_all": true, "failures": [], "worst": [[0.0, "parameter/pred.xsmlp.2.weight"], [0.0, "parameter/pred.xsmlp.2.bias"], [0.0, "parameter/pred.xsmlp.0.weight"], [0.0, "parameter/pred.xsmlp.0.bias"], [0.0, "parameter/pred.xslin.weight"], [0.0, "parameter/pred.xslin.bias"], [0.0, "parameter/memory.time_enc.lin.weight"], [0.0, "parameter/memory.time_enc.lin.bias"]], "fields": 107}, {"pass_all": true, "failures": [], "worst": [[0.0, "parameter/pred.xsmlp.2.weight"], [0.0, "parameter/pred.xsmlp.2.bias"], [0.0, "parameter/pred.xsmlp.0.weight"], [0.0, "parameter/pred.xsmlp.0.bias"], [0.0, "parameter/pred.xslin.weight"], [0.0, "parameter/pred.xslin.bias"], [0.0, "parameter/memory.time_enc.lin.weight"], [0.0, "parameter/memory.time_enc.lin.bias"]], "fields": 107}], "trained_history_steps": 4, "replay_steps": 2, "last_loss": 1.3711295127868652}
{"kind": "cpu_training_restore", "dataset": "college", "batch": 32, "checks": [{"pass_all": true, "failures": [], "worst": [[0.0, "parameter/pred.xsmlp.2.weight"], [0.0, "parameter/pred.xsmlp.2.bias"], [0.0, "parameter/pred.xsmlp.0.weight"], [0.0, "parameter/pred.xsmlp.0.bias"], [0.0, "parameter/pred.xslin.weight"], [0.0, "parameter/pred.xslin.bias"], [0.0, "parameter/memory.time_enc.lin.weight"], [0.0, "parameter/memory.time_enc.lin.bias"]], "fields": 107}, {"pass_all": true, "failures": [], "worst": [[0.0, "parameter/pred.xsmlp.2.weight"], [0.0, "parameter/pred.xsmlp.2.bias"], [0.0, "parameter/pred.xsmlp.0.weight"], [0.0, "parameter/pred.xsmlp.0.bias"], [0.0, "parameter/pred.xslin.weight"], [0.0, "parameter/pred.xslin.bias"], [0.0, "parameter/memory.time_enc.lin.weight"], [0.0, "parameter/memory.time_enc.lin.bias"]], "fields": 107}], "trained_history_steps": 4, "replay_steps": 2, "last_loss": 1.3511366844177246}
{"kind": "cpu_training_restore", "dataset": "college", "batch": 200, "checks": [{"pass_all": true, "failures": [], "worst": [[0.0, "parameter/pred.xsmlp.2.weight"], [0.0, "parameter/pred.xsmlp.2.bias"], [0.0, "parameter/pred.xsmlp.0.weight"], [0.0, "parameter/pred.xsmlp.0.bias"], [0.0, "parameter/pred.xslin.weight"], [0.0, "parameter/pred.xslin.bias"], [0.0, "parameter/memory.time_enc.lin.weight"], [0.0, "parameter/memory.time_enc.lin.bias"]], "fields": 107}, {"pass_all": true, "failures": [], "worst": [[0.0, "parameter/pred.xsmlp.2.weight"], [0.0, "parameter/pred.xsmlp.2.bias"], [0.0, "parameter/pred.xsmlp.0.weight"], [0.0, "parameter/pred.xsmlp.0.bias"], [0.0, "parameter/pred.xslin.weight"], [0.0, "parameter/pred.xslin.bias"], [0.0, "parameter/memory.time_enc.lin.weight"], [0.0, "parameter/memory.time_enc.lin.bias"]], "fields": 107}], "trained_history_steps": 4, "replay_steps": 2, "last_loss": 1.3151757717132568}
{"kind": "cpu_real_coefficient", "case": "wikipedia100k_q10000_k20", "n": 346, "b": 64, "cells": 155008, "S_nnz": 0, "exact": true}
{"kind": "cpu_real_coefficient", "case": "wikipedia100k_q50000_k20", "n": 540, "b": 64, "cells": 241920, "S_nnz": 0, "exact": true}
{"kind": "cpu_real_coefficient", "case": "wikipedia100k_q90000_k20", "n": 818, "b": 64, "cells": 366464, "S_nnz": 0, "exact": true}
{"kind": "cpu_real_coefficient", "case": "wikipedia100k_q10000_k64", "n": 395, "b": 64, "cells": 176960, "S_nnz": 0, "exact": true}
{"kind": "cpu_real_coefficient", "case": "wikipedia100k_q50000_k64", "n": 745, "b": 64, "cells": 333760, "S_nnz": 0, "exact": true}
{"kind": "cpu_real_coefficient", "case": "wikipedia100k_q90000_k64", "n": 1421, "b": 64, "cells": 636608, "S_nnz": 0, "exact": true}
{"kind": "cpu_real_coefficient", "case": "wikipedia100k_q10000_k128", "n": 420, "b": 64, "cells": 188160, "S_nnz": 0, "exact": true}
{"kind": "cpu_real_coefficient", "case": "wikipedia100k_q50000_k128", "n": 831, "b": 64, "cells": 372288, "S_nnz": 0, "exact": true}
{"kind": "cpu_real_coefficient", "case": "wikipedia100k_q90000_k128", "n": 1788, "b": 64, "cells": 801024, "S_nnz": 0, "exact": true}
{"kind": "cpu_real_coefficient", "case": "CollegeMsg_q4096_k20", "n": 297, "b": 64, "cells": 133056, "S_nnz": 219, "exact": true}
{"kind": "cpu_real_coefficient", "case": "CollegeMsg_q16384_k20", "n": 524, "b": 64, "cells": 234752, "S_nnz": 470, "exact": true}
{"kind": "cpu_real_coefficient", "case": "CollegeMsg_q32768_k20", "n": 609, "b": 64, "cells": 272832, "S_nnz": 56, "exact": true}
{"kind": "cpu_real_coefficient", "case": "CollegeMsg_q4096_k64", "n": 388, "b": 64, "cells": 173824, "S_nnz": 829, "exact": true}
{"kind": "cpu_real_coefficient", "case": "CollegeMsg_q16384_k64", "n": 712, "b": 64, "cells": 318976, "S_nnz": 1694, "exact": true}
{"kind": "cpu_real_coefficient", "case": "CollegeMsg_q32768_k64", "n": 943, "b": 64, "cells": 422464, "S_nnz": 881, "exact": true}
{"kind": "cpu_real_coefficient", "case": "CollegeMsg_q4096_k128", "n": 424, "b": 64, "cells": 189952, "S_nnz": 984, "exact": true}
{"kind": "cpu_real_coefficient", "case": "CollegeMsg_q16384_k128", "n": 829, "b": 64, "cells": 371392, "S_nnz": 3544, "exact": true}
{"kind": "cpu_real_coefficient", "case": "CollegeMsg_q32768_k128", "n": 1059, "b": 64, "cells": 474432, "S_nnz": 1898, "exact": true}
{"kind": "cpu_complete", "cuda_initialized": false, "coefficient_cases": 18}
