Collecting tqdm==4.67.1
  Downloading tqdm-4.67.1-py3-none-any.whl.metadata (57 kB)
Collecting aiohttp==3.12.15
  Downloading aiohttp-3.12.15-cp312-cp312-manylinux_2_17_x86_64.manylinux2014_x86_64.whl.metadata (7.7 kB)
Collecting aiosignal==1.4.0
  Downloading aiosignal-1.4.0-py3-none-any.whl.metadata (3.7 kB)
Collecting aiohappyeyeballs==2.6.1
  Downloading aiohappyeyeballs-2.6.1-py3-none-any.whl.metadata (5.9 kB)
Collecting attrs==25.3.0
  Downloading attrs-25.3.0-py3-none-any.whl.metadata (10 kB)
Collecting frozenlist==1.7.0
  Downloading frozenlist-1.7.0-cp312-cp312-manylinux_2_5_x86_64.manylinux1_x86_64.manylinux_2_17_x86_64.manylinux2014_x86_64.whl.metadata (18 kB)
Collecting multidict==6.6.4
  Downloading multidict-6.6.4-cp312-cp312-manylinux2014_x86_64.manylinux_2_17_x86_64.manylinux_2_28_x86_64.whl.metadata (5.3 kB)
Collecting propcache==0.3.2
  Downloading propcache-0.3.2-cp312-cp312-manylinux_2_17_x86_64.manylinux2014_x86_64.whl.metadata (12 kB)
Collecting yarl==1.20.1
  Downloading yarl-1.20.1-cp312-cp312-manylinux_2_17_x86_64.manylinux2014_x86_64.whl.metadata (73 kB)
Downloading tqdm-4.67.1-py3-none-any.whl (78 kB)
Downloading aiohttp-3.12.15-cp312-cp312-manylinux_2_17_x86_64.manylinux2014_x86_64.whl (1.7 MB)
   ━━━━━━━━━━━━━━━━━━━━━━━━━━━━━━━━━━━━━━━━ 1.7/1.7 MB 15.6 kB/s  0:01:33
Downloading aiosignal-1.4.0-py3-none-any.whl (7.5 kB)
Downloading aiohappyeyeballs-2.6.1-py3-none-any.whl (15 kB)
Downloading attrs-25.3.0-py3-none-any.whl (63 kB)
Downloading frozenlist-1.7.0-cp312-cp312-manylinux_2_5_x86_64.manylinux1_x86_64.manylinux_2_17_x86_64.manylinux2014_x86_64.whl (241 kB)
Downloading multidict-6.6.4-cp312-cp312-manylinux2014_x86_64.manylinux_2_17_x86_64.manylinux_2_28_x86_64.whl (256 kB)
Downloading propcache-0.3.2-cp312-cp312-manylinux_2_17_x86_64.manylinux2014_x86_64.whl (224 kB)
Downloading yarl-1.20.1-cp312-cp312-manylinux_2_17_x86_64.manylinux2014_x86_64.whl (355 kB)
Installing collected packages: yarl, tqdm, propcache, multidict, frozenlist, attrs, aiosignal, aiohttp, aiohappyeyeballs

Successfully installed aiohappyeyeballs-2.6.1 aiohttp-3.12.15 aiosignal-1.4.0 attrs-25.3.0 frozenlist-1.7.0 multidict-6.6.4 propcache-0.3.2 tqdm-4.67.1 yarl-1.20.1
